// Jest Snapshot v1, https://goo.gl/fbAQLP

exports[`renders Header  page correctly 1`] = `
<button
  className="p-2 uppercase nav-links "
  onClick={[Function]}
  type="button"
>
  Logout
</button>
`;
