// Jest Snapshot v1, https://goo.gl/fbAQLP

exports[`renders navbar component correctly 1`] = `
<div
  className="flex"
>
  <div
    className="bg-gray-100 text-white w-64 px-2 "
  >
    <div>
      <img
        alt="user"
        className="inline-block object-cover mr-2 bg-gray-100 w-24 h-24 rounded-full  mt-6 mb-4 "
        src={
          Object {
            "canInstrument": true,
            "createTransformer": [Function],
            "getCacheKey": [Function],
            "getCacheKeyAsync": [Function],
            "process": [Function],
            "processAsync": [Function],
          }
        }
      />
      <div
        className="text-gray-500 font-semibold uppercase space-y-6  "
      >
        Wesley Larson
      </div>
    </div>
    <nav>
      <a
        className="block py-2.5 px-4 text-gray-500 font-semibold capitalize rounded transition duration-100  hover:bg-yellow-400 hover:text-white "
        href="/main"
        onClick={[Function]}
      >
        Projects
      </a>
      <a
        className="block py-2.5 px-4 text-gray-500 font-semibold capitalize rounded transition duration-100  hover:bg-yellow-400 hover:text-white "
        href="/fav"
        onClick={[Function]}
      >
        Favourites
      </a>
      <a
        className="block py-2.5 px-4 text-gray-500 font-semibold capitalize rounded transition duration-100  hover:bg-yellow-400 hover:text-white "
        href="/partner"
        onClick={[Function]}
      >
        Partnerships
      </a>
    </nav>
    <div
      className="py-52 text-gray-500 "
    >
      <div
        className="rounded transition duration-100  hover:bg-red-300"
      >
        <button
          className="p-2 uppercase nav-links "
          onClick={[Function]}
          type="button"
        >
          Logout
        </button>
      </div>
      <p>
        help
      </p>
    </div>
  </div>
</div>
`;
